../Component/Driver_Layer/driver_iic.c:12:6:I2C_Init	32	static
../Component/Driver_Layer/driver_iic.c:43:6:I2C_SDA_OUT	24	static
../Component/Driver_Layer/driver_iic.c:61:6:I2C_SDA_IN	32	static
../Component/Driver_Layer/driver_iic.c:77:6:I2C_Start	8	static
../Component/Driver_Layer/driver_iic.c:96:6:I2C_Stop	8	static
../Component/Driver_Layer/driver_iic.c:118:6:I2C_ACK	8	static
../Component/Driver_Layer/driver_iic.c:137:6:I2C_NACK	8	static
../Component/Driver_Layer/driver_iic.c:157:9:I2C_GetACK	16	static
../Component/Driver_Layer/driver_iic.c:194:9:I2C_SendByte	24	static
../Component/Driver_Layer/driver_iic.c:224:9:I2C_ReadByte	24	static
