../Component/Driver_Layer/driver_rgb.c:52:6:RGB_RESET	24	static
../Component/Driver_Layer/driver_rgb.c:76:6:RGB_SetColor	24	static
../Component/Driver_Layer/driver_rgb.c:106:6:RGB_SetnColor	24	static
../Component/Driver_Layer/driver_rgb.c:139:6:Reset_Load	16	static
../Component/Driver_Layer/driver_rgb.c:159:6:RGB_SendArray	8	static
../Component/Driver_Layer/driver_rgb.c:174:6:RGB_RED	24	static
../Component/Driver_Layer/driver_rgb.c:197:6:RGB_BLACK	24	static
../Component/Driver_Layer/driver_rgb.c:218:6:RGB_GREEN	24	static
../Component/Driver_Layer/driver_rgb.c:241:6:RGB_BLUE	24	static
../Component/Driver_Layer/driver_rgb.c:264:6:RGB_WHITE	24	static
../Component/Driver_Layer/driver_rgb.c:282:6:rgb_yellow_strip	24	static
../Component/Driver_Layer/driver_rgb.c:300:6:rgb_yellow_strip1	24	static
../Component/Driver_Layer/driver_rgb.c:324:7:rgb_show	24	static
../Component/Driver_Layer/driver_rgb.c:340:26:Wheel	24	static
../Component/Driver_Layer/driver_rgb.c:370:6:rainbow	64	static
../Component/Driver_Layer/driver_rgb.c:401:7:rainbowCycle	40	static
