../Component/APP_Layer/app_user_task.c:70:6:HAL_DMA_XferCpltCallback	16	static
../Component/APP_Layer/app_user_task.c:81:6:App_User_Task_Init	16	static
../Component/APP_Layer/app_user_task.c:131:6:App_User_Task	8	static
../Component/APP_Layer/app_user_task.c:165:6:APP_NTC_Task	16	static
../Component/APP_Layer/app_user_task.c:173:6:APP_Internal_Temperature	16	static
../Component/APP_Layer/app_user_task.c:181:6:APP_Get_UID	8	static
../Component/APP_Layer/app_user_task.c:192:6:APP_DMA_Task	16	static
../Component/APP_Layer/app_user_task.c:210:6:APP_EEPROM_Task	8	static
../Component/APP_Layer/app_user_task.c:217:6:APP_RGB_Task	8	static
../Component/APP_Layer/app_user_task.c:235:6:APP_W25Qxx_Task	16	static
../Component/APP_Layer/app_user_task.c:251:6:APP_RS485_Task	8	static
